nohup: ignoring input
Connecting to SMTP server...
Connected successfully.
[1] Sent pitch to gilbert@jadeair.net (Creator at Jade Air)
[2] Sent pitch to info@heatwavemechanical.com (Creator at Heatwave Mechanical LLC)
[3] Sent pitch to smart.journey.prober@gmail.com (Creator at Air Cool Pro)
[4] Sent pitch to callwheelhouse@gmail.com (Creator at Wheelhouse Air & Heat)
[5] Sent pitch to service@bonairservice.com (Creator at Bon Air Service Company)
[6] Sent pitch to customerservice@quigleyac.com (Creator at Quigley Heating & Air)
[7] Sent pitch to info@q1es.com (Creator at Quality 1 Energy Systems)
[8] Sent pitch to charles@suburbanheatandair.com (Creator at Suburban Heating & Air Conditioning)
[9] Sent pitch to info@texaire.com (Creator at Texaire)
[10] Sent pitch to info@www.ellisac.com (Creator at Ellis Air Conditioning & Heating)
[11] Sent pitch to hello@topsmileortho.com (Creator at Top Smile Orthodontics and Pediatrics)
[12] Sent pitch to info@bellafamilydental.com (Creator at Bella Family Dental)
[13] Sent pitch to luxedentalknox@gmail.com (Creator at Luxe Dental Victory Park)
[14] Sent pitch to info@www.dulcedentalofdallas.com (Creator at Dulce Dental)
[15] Sent pitch to mikewing@deepellumdentist.com (Creator at Deep Ellum Advanced Dentistry)
[16] Sent pitch to info@nomibath.com (Creator at NOMI - Bathroom Remodeling Dallas Tx)
[17] Sent pitch to armstrongplumbingjames@outlook.com (Creator at James Armstrong Plumbing Mesquite)
[18] Sent pitch to payroll@velvettaco.com (Creator at Velvet Taco)
[19] Sent pitch to comments@ophdfw.com (Creator at The Original Pancake House)
[20] Sent pitch to portadiroma08@yahoo.com (Creator at Porta di Roma)
[21] Sent pitch to e081c35a018348d18e09ed427bf39b65@o462166.ingest.sentry.io (Creator at Chef House)
[22] Sent pitch to info@menufy.com (Creator at Mimi's Pizzeria)
[23] Sent pitch to e081c35a018348d18e09ed427bf39b65@o462166.ingest.sentry.io (Creator at Pearl Chinese Restaurant)
[24] Sent pitch to dmarsh@celebrationrestaurant.com (Creator at Celebration)
[25] Sent pitch to info@collisionmatrix.com (Creator at Collision Matrix)
[26] Sent pitch to highlifeaudio1@gmail.com (Creator at Highlife Audio Fabrication)
[27] Sent pitch to office@salisroofing.com (Creator at Salis Roofing)
[28] Sent pitch to info@www.frostac.com (Creator at Frost Brothers Heating & Air)
[29] Sent pitch to info@www.conditionedairservice.com (Creator at Conditioned Air Services)
[30] Sent pitch to info@chillair-concept.com (Creator at Chill Air Concept)
[31] Sent pitch to info@truficient.com (Creator at Truficient Energy Solutions)
[32] Sent pitch to info@mbpheatingandair.info (Creator at DFW HVAC and Plumbing LLC)
[33] Sent pitch to office@greenleafair.com (Creator at Green Leaf Air)
[34] Sent pitch to info@www.vent-onellc.com (Creator at Vent-One LLC)
[35] Sent pitch to logo@2x-loazzne.png (Creator at HM Tech Air Conditioning and Heating)
[36] Sent pitch to info@texaire.com (Creator at TexAire Heating & Air Conditioning)
[37] Sent pitch to service@classicheatandair.com (Creator at ClassicABC Heating & Air)
[38] Sent pitch to info@calldwello.com (Creator at Dwello Home Services)
[39] Sent pitch to info@www.airetexas.com (Creator at Aire Texas Residential Services, Inc)
[40] Sent pitch to servicenow@chapmanair.com (Creator at Chapman Air & Heat)
[41] Sent pitch to info@waterheaterherotx.com (Creator at Water Heater Hero)
[42] Sent pitch to info@nomibath.com (Creator at NOMI - Bathroom Remodeling)
[43] Sent pitch to info@brooksplumbingtexas.com (Creator at Brooks Plumbing)
[44] Sent pitch to chosen-sprite@2x.png (Creator at Benjamin Franklin Plumbing & Drain Services of Duncanville)
[45] Sent pitch to info@www.deansplumbingtx.com (Creator at Dean's Plumbing, Drain Cleaning, Sewer & Water Heater Repair)
[46] Sent pitch to chosen-sprite@2x.png (Creator at CW Service Pros Plumbing, Heating & Air Conditioning)
[47] Sent pitch to info@mylocalplumber.net (Creator at My Local Plumber)
[48] Sent pitch to info@www.jimsplumbingnow.com (Creator at Jim's Plumbing Now)
[49] Sent pitch to info@anytimeplumbing365.com (Creator at Anytime Plumbing 365, Drain Cleaning & Repair)
[50] Sent pitch to carrier-badge-white@2x.webp (Creator at On Time Experts)
[51] Sent pitch to info@www.zoomperformance.shop (Creator at Zoom Performance & Body Shop)
[52] Sent pitch to sammyboulos@yahoo.com (Creator at N. B. Exxon)
[53] Sent pitch to office@trident-plumbing.com (Creator at Trident Plumbing)
[54] Sent pitch to armstrongplumbingjames@outlook.com (Creator at James Armstrong Plumbing Mesquite)
[55] Sent pitch to impallari@gmail.com (Creator at Layland Plumbing, Inc.)
[56] Sent pitch to mail@betterplumber.com (Creator at A & M Plumbing)
[57] Sent pitch to ricksplumbingtx@gmail.com (Creator at Rick's Plumbing Service)
[58] Sent pitch to name@email.com (Creator at 4-STAR Hose and Supply)
[59] Sent pitch to curlysplumbingtx@gmail.com (Creator at Curly's Plumbing)
[60] Sent pitch to kurt@texassolarpowersystems.com (Creator at Solar Power Systems Plano)
[61] Sent pitch to 8eb368c655b84e029ed79ad7a5c1718e@sentry.wixpress.com (Creator at Rockwall Electric Inc)
[62] Sent pitch to careers@summit.com (Creator at Summit Electric Supply)
[63] Sent pitch to csr@adiselectric.com (Creator at Adis Electric)
[64] Sent pitch to sales@gatewoodelectricmotors.com (Creator at Gatewood Electric)
[65] Sent pitch to sales@duggerelectric.com (Creator at Dugger Electric)
[66] Sent pitch to info@spsgcs.com (Creator at SPS Roofing)
[67] Sent pitch to info@triumphroofing.net (Creator at Triumph Roofing and Construction)
[68] Sent pitch to info@kiddroof.com (Creator at Kidd Roofing)
[69] Sent pitch to contact@elevatedroofing.com (Creator at Elevated Roofing, LLC)
[70] Sent pitch to Allen@AmericanPrideRoofing.com (Creator at American Pride Roofing)
[71] Sent pitch to info@peakedroofing.com (Creator at Peaked Roofing of Flower Mound)
[72] Sent pitch to info@ryersonroofing.com (Creator at Ryerson Roofing, Inc.)
[73] Sent pitch to carsadfw@gmail.com (Creator at Carsa Construction & Roofing LLC)
[74] Sent pitch to putnamexteriorsllc@gmail.com (Creator at Putnam Exteriors LLC)
[75] Sent pitch to orrroofing@gmail.com (Creator at Orr Roofing)
[76] Sent pitch to contact@results-roofing.com (Creator at Results Roofing)
[77] Sent pitch to info@advantageremodelingandroofing.com (Creator at Advantage Remodeling and Roofing)
[78] Sent pitch to Touchstonehandyman@gmail.com (Creator at Touchstone Handyman)
[79] Sent pitch to info@hammerheadroof.com (Creator at Hammerhead Roof)
[80] Sent pitch to manuel@veraroofingandconstruction.com (Creator at Vera Roofing And Construction)
[81] Sent pitch to info@appleroof.com (Creator at Apple Roofing)
[82] Sent pitch to info@callkangaroof.com (Creator at KangaRoof)
[83] Sent pitch to office@salisroofing.com (Creator at Salis Roofing)
[84] Sent pitch to info@baconroofingstaging.com (Creator at Bacon Roofing)
[85] Sent pitch to info@dbassettroofing.com (Creator at D. Bassett Roofing & Renovation)
[86] Sent pitch to fostersconstructiondfw@gmail.com (Creator at Foster's Construction & Roofing)
[87] Sent pitch to customercare@stronghousebrands.com (Creator at Linear Roofing)
[88] Sent pitch to info@irvingroofingpro.com (Creator at Irving Roofing Contractors - IrvingRoofingPro)
[89] Sent pitch to info@ahlersroofing.com (Creator at Ahlers Roofing and Construction)
[90] Sent pitch to info@goatroof.com (Creator at G.O.A.T.)
[91] Sent pitch to globe@2x.png (Creator at Acme Roof Systems Inc)
[92] Sent pitch to info@precisionconstructionandroofing.com (Creator at Precision Construction & Roofing)
[93] Sent pitch to web@littlebigsmiles.us (Creator at Little Big Smiles Family Dentistry)
[94] Sent pitch to chosen-sprite@2x.png (Creator at Alana K. Macalik, DDS)
[95] Sent pitch to office@trinitysmile.com (Creator at Trinity Dental Care)
[96] Sent pitch to admin@digitalcanvasmarketing.com (Creator at Mark E. Glover, DDS, MSD, PC)
[97] Sent pitch to aarhorsley@gmail.com (Creator at Harvest Dental)
[98] Sent pitch to infoddc@p4dentists.com (Creator at Distinctive Dental Concepts)
[99] Sent pitch to info@txdentalsurgery.com (Creator at Texas Dental Surgery)
[100] Sent pitch to jane@email.com (Creator at Creek Crossing Dental Care)
[101] Sent pitch to office@myflowermounddentist.com (Creator at Flower Mound Dental Associates)
[102] Sent pitch to smile@vsdentalgroup.com (Creator at VS Dental Group)
[103] Sent pitch to info@oaktreedentaltx.com (Creator at Oak Tree Dental)
[104] Sent pitch to info@beyondbracestx.com (Creator at Beyond Braces)
[105] Sent pitch to smile@schwedkidsdental.com (Creator at Schwed Pediatric Dentistry and Orthodontics)
[106] Sent pitch to interested@domainmarket.com (Creator at Ace Dental)
[107] Sent pitch to info@sloancreekdental.com (Creator at Sloan Creek Dental)
[108] Sent pitch to info@forestdentalcafe.com (Creator at Forest Dental Café)
[109] Sent pitch to info@couturedentist.com (Creator at Couture Dentistry)
[110] Sent pitch to fortworth@polishedfamilydental.com (Creator at Polished Family Dental)
[111] Sent pitch to prestigedentalfw@gmail.com (Creator at Prestige Dental)
[112] Sent pitch to info@mckinneyddscenter.com (Creator at McKinney Dental & Implant Center)
[113] Sent pitch to gpfamilydental@gmail.com (Creator at Grand Prairie Family Dental)
[114] Sent pitch to info@millsorthodontics.com (Creator at Mills Orthodontics)
[115] Sent pitch to email@email.com (Creator at Today Dental)
[116] Sent pitch to info@southridgedental.com (Creator at Southridge Dental)
[117] Sent pitch to denton.endodontics@gmail.com (Creator at Denton Endodontics)
[118] Sent pitch to info@timberlakedental.com (Creator at Timberlake Dental)
[119] Sent pitch to info@allsmilesdentistryallen.com (Creator at All Smiles Dentistry)
[120] Sent pitch to info@mpbraces.com (Creator at MP Orthodontics)
[121] Sent pitch to marketing@mydentondental.com (Creator at Denton Family Dental Clinic)
[122] Sent pitch to seo@dentalimplantmachine.com (Creator at The Dental Method)
[123] Sent pitch to lewisvilledentalib@gmail.com (Creator at Lewisville Dental)
[124] Sent pitch to admin@penndentaldfw.com (Creator at Penn Dental and Implant Center)
[125] Sent pitch to luxedental@gmail.com (Creator at Luxe Dental Victory Park)
[126] Sent pitch to benbrook7daydental@gmail.com (Creator at 7 Day Dental)
[127] Sent pitch to payroll@velvettaco.com (Creator at Velvet Taco)
[128] Sent pitch to comments@ophdfw.com (Creator at The Original Pancake House)
[129] Sent pitch to mangothaiplano@gmail.com (Creator at Mango Thai Plano)
[130] Sent pitch to jcstacotribe@gmail.com (Creator at J.C.'s Tacos)
[131] Sent pitch to gjevatn@gmail.com (Creator at Besa's Pizza & Pasta)
[132] Sent pitch to richardson@sonnybryans.com (Creator at Sonny Bryan's Smokehouse)
[133] Sent pitch to 8eb368c655b84e029ed79ad7a5c1718e@sentry.wixpress.com (Creator at Mori Teriyaki Wok & Sushi Rolls)
[134] Sent pitch to fuzzys.wylie@outlook.com (Creator at Fuzzy's Taco Shop)
[135] Sent pitch to filler@godaddy.com (Creator at Ardy's Mediterranean Grill)
[136] Sent pitch to manager@antonioristorante.com (Creator at Antonio Ristorante)
[137] Sent pitch to e081c35a018348d18e09ed427bf39b65@o462166.ingest.sentry.io (Creator at Brooklyn Pizzeria)
[138] Sent pitch to datastudio2@meetsoci.com (Creator at TGI Fridays)
[139] Sent pitch to %20rlawrence@chamberlainsrestaurant.com (Creator at Chamberlain's Steak and Chop House)
[140] Sent pitch to ghomi1@aol.com (Creator at MoMo's Pasta)
[141] Sent pitch to portadiroma08@yahoo.com (Creator at Porta di Roma)
[142] Sent pitch to e081c35a018348d18e09ed427bf39b65@o462166.ingest.sentry.io (Creator at Sapa House)
[143] Sent pitch to info@countryburgertexas.com (Creator at Country Burger)
[144] Sent pitch to %20amity@amitythomas.com (Creator at Flying Saucer)
[145] Sent pitch to rewards@bjsrestaurants.com (Creator at BJ's)
[146] Sent pitch to tripadvisorreviews@medallia.com (Creator at McAlister's Deli)
[147] Sent pitch to info@website.com (Creator at Indian Grill)
[148] Sent pitch to e081c35a018348d18e09ed427bf39b65@o462166.ingest.sentry.io (Creator at May Dragon)
[149] Sent pitch to e081c35a018348d18e09ed427bf39b65@o462166.ingest.sentry.io (Creator at Silver Thai Cuisine)
[150] Sent pitch to info@menufy.com (Creator at Spice Thai Cafe)
[151] Sent pitch to e081c35a018348d18e09ed427bf39b65@o462166.ingest.sentry.io (Creator at Wing Town)
[152] Sent pitch to e081c35a018348d18e09ed427bf39b65@o462166.ingest.sentry.io (Creator at Italian Express)
[153] Sent pitch to e081c35a018348d18e09ed427bf39b65@o462166.ingest.sentry.io (Creator at Bangkok Dee Thai Cuisine)
[154] Sent pitch to scott.duerr@luterileyhonda.com (Creator at Lute Riley Collision Center)
[155] Sent pitch to aaron@smithoffroad.com (Creator at Smith Offroad and Performance)
[156] Sent pitch to mikesbrakeandalignment@gmail.com (Creator at Mike's Brake & Alignment)
[157] Sent pitch to service@alamodoor.com (Creator at Alamo Doors & Gates)
[158] Sent pitch to feedback@brakesplus.com (Creator at Brakes Plus)
[159] Sent pitch to feedback@expressoil.com (Creator at Express Oil Change & Service Center)
[160] Sent pitch to ph-menu-mob@2x.webp (Creator at Crash Champions)
[161] Sent pitch to txinspections.na@dekra.com (Creator at DEKRA)
[162] Sent pitch to info@udentifix.com (Creator at uDentiFix Dent and Hail Repair)
[163] Sent pitch to johnsmith@gmail.com (Creator at Glass Doctor of Denton)
[164] Sent pitch to advreconservices@gmail.com (Creator at VIP Hail Service)
[165] Sent pitch to aaron@rexroadauto.com (Creator at Rexroad Mobile Auto Repair)
[166] Sent pitch to careers@caliber.com (Creator at Caliber)
[167] Sent pitch to ernie.ling65@gmail.com (Creator at Eagle Transmission)
[168] Sent pitch to service@fuelpotentialgarage.com (Creator at Fuel Potential)
[169] Sent pitch to Raautorepairtx@gmail.com (Creator at R&A Auto Repair)
[170] Sent pitch to info@germandrive.com (Creator at German Drive)
[171] Sent pitch to careers@caliber.com (Creator at Caliber Collision)
[172] Sent pitch to info@resultspdr.com (Creator at Results Paintless Dent Repair)
[173] Sent pitch to frontaddision@outlook.com (Creator at Addison Automotive Service)
[174] Sent pitch to cali@stuartspnb.com (Creator at Stuart's Paint & Body)
[175] Sent pitch to info@k3sautorepair.com (Creator at K3S Auto Repair)
[176] Sent pitch to daniel.quintero@walmart.com (Creator at Walmart Auto Care Center)
[177] Sent pitch to prosperautomotive@outlook.com (Creator at Prosper Automotive)
[178] Sent pitch to service@titanautoglass.net (Creator at Titan Auto Glass)
[179] Sent pitch to customerservice@greatclips.com (Creator at Great Clips)
[180] Sent pitch to b35c7142715efd032d4402d1eb998767@2x.webp (Creator at Palm Beach Tan)
[181] Sent pitch to jasonngo00@yahoo.com (Creator at Sweet Nail Bar)
[182] Sent pitch to alaynadowdyhair@gmail.com (Creator at Foil'd)
[183] Sent pitch to sapkotamanu82@gmail.com (Creator at Elegance Beauty Salon)
[184] Sent pitch to flags@2x.png (Creator at Salon NV)
[185] Sent pitch to urmi@careboutiqueandsalon.com (Creator at Care Boutique & Salon)
[186] Sent pitch to welcomehawaiinailspa2@gmail.com (Creator at Hawaii Nail Spa)
[187] Sent pitch to 8eb368c655b84e029ed79ad7a5c1718e@sentry.wixpress.com (Creator at The Hair Parlour)
[188] Sent pitch to christie@lashandglow.com (Creator at Lash and Glow)
[189] Sent pitch to kk43man@gmail.com (Creator at Cleopatra Beauty Lounge)
[190] Sent pitch to %20customerservice@minayaspa.com (Creator at Minaya Beauty Spa)
[191] Sent pitch to info@SOIBrow.com (Creator at SOI Brow Threading Salon)
[192] Sent pitch to maya@courtstonemgmt.com (Creator at Salons by JC)
[193] Sent pitch to luxurynailstrophyclub@gmail.com (Creator at Luxury Nails and Spa)
[194] Sent pitch to brentwood@milkandhoney.com (Creator at Milk + Honey)
[195] Sent pitch to info@kirbyplasticsurgery.com (Creator at Kalos Medical Spa at Kirby Plastic Surgery)
[196] Sent pitch to joshuamarzioli@toniguy.com (Creator at Toni & Guy)
[197] Sent pitch to aestheticsalon600@gmail.com (Creator at Aesthetic Spa & Salon)
[198] Sent pitch to jpack@morganweisbrod.com (Creator at Morgan Weisbrod)
[199] Sent pitch to wjtlaw@gmail.com (Creator at Law Office of William Teitelbaum)
[200] Sent pitch to info@mlfa.org (Creator at Muslim Legal Fund of America)
[201] Sent pitch to you@email.com (Creator at Clements & Clements, Attorneys at Law)
[202] Sent pitch to team@saputo.law (Creator at Saputo Law Firm)
[203] Sent pitch to juliejohnsonlawpllc@gmail.com (Creator at Law Office of Julie Johnson, PLLC)
[204] Sent pitch to texasdivorcelawyer434@gmail.com (Creator at The Texas Divorce Lawyer)
[205] Sent pitch to info@monteslaw.com (Creator at Montes Law PLLC.)
[206] Sent pitch to intake@hastingsfirm.com (Creator at Hastings Law Firm)
[207] Sent pitch to info@brookerlaw.com (Creator at Brooker Law, PLLC)
[208] Sent pitch to questions@johnsalazar.com (Creator at John R. Salazar, P.C.)
[209] Sent pitch to cstoy@hsjustice.com (Creator at Hutchison & Stoy, PLLC)
[210] Sent pitch to info@mullenandmullen.com (Creator at Mullen & Mullen Law Firm)
[211] Sent pitch to info@jimrosslaw.com (Creator at Jim Ross Law Group, P.C.)
[212] Sent pitch to info@versustexas.com (Creator at Varghese Summersett (Lawyers: Personal Injury, Criminal Defense, Family and Divorce))
[213] Sent pitch to info@mcconathy.com (Creator at Law Offices of Richard C. McConathy)
[214] Sent pitch to JT@TIJERINALAW.COM (Creator at Law Office of Juan Tijerina)
[215] Sent pitch to michael@francistxlaw.com (Creator at The Francis Firm Injury Accident Lawyers)
[216] Sent pitch to npr0@2qwlppsqzfls0qlk.jpu (Creator at DeGroote Partners)
[217] Sent pitch to 2023-law-firm-500@2x.png (Creator at Sul Lee Law Firm, PLLC)
[218] Sent pitch to info@hunnicuttlaw.com (Creator at The Hunnicutt Law Group)
[219] Sent pitch to info@bhwlawfirm.com (Creator at Barnett Howard & Williams PLLC)
[220] Sent pitch to drm@dennyrmartin.law (Creator at Denny R. Martin PC, Attorney at Law)
[221] Sent pitch to carla@thorpehatcher.com;steve@thorpehatcher.com (Creator at Thorpe & Hatcher)
[222] Sent pitch to attorney@davidehouston.com (Creator at David E. Houston Attorney at Law)
[223] Sent pitch to karen@andersonllp.com (Creator at Anderson & Anderson)
[224] Sent pitch to cropped-attorney-icon-04@2x-32x32.png (Creator at The Morris Legal Group)
[225] Sent pitch to contact4affordablepatentagency@gmail.com (Creator at Affordable Patent Agency)
[226] Sent pitch to robtdowd@sbcglobal.net (Creator at Asset Protection Dallas - Robert K. Dowd P.C.)
[227] Sent pitch to dale@roseknowslaw.com (Creator at Dale R. Rose, PLLC)
[228] Sent pitch to reception@kdlawpc.com (Creator at Killen & Dennis, PC)
[229] Sent pitch to diana@durandlaw.com (Creator at Durand & Associates, P.C.)
[230] Sent pitch to chosen-sprite@2x.png (Creator at Lighthouse Legal Services, PLLC)
Failed to send to 605a7baede844d278b89dc95ae0a9123@sentry-next.wixpress.com: (421, b'4.7.0 Connection expired, try reconnecting. For more information, go to\n4.7.0  https://support.google.com/a/answer/3221692 5614622812f47-4b1af63f393sm3036066b6e.16 - gsmtp', 'vilouraai1@gmail.com')
Failed to send to jzeeb@protitletx.com: please run connect() first
Failed to send to lane@rugeleylaw.com: please run connect() first
Failed to send to info@donbonnerlaw.com: please run connect() first
Failed to send to info@francistxlaw.com: please run connect() first
Failed to send to legal@elainelawgroup.com: please run connect() first
Failed to send to info@mcconathylaw.com: please run connect() first
Failed to send to ab@bowlinglaw.com: please run connect() first
Failed to send to james@benbrookattorney.com: please run connect() first
Failed to send to team@westbrooklawfirm.com: please run connect() first
Failed to send to dcoffin@davidcoffinlaw.com: please run connect() first
Failed to send to cs@appearfor.me: please run connect() first
Failed to send to stephen@clayjenkins.com: please run connect() first
Failed to send to larmanlawpllc@gmail.com: please run connect() first
Failed to send to dms@n-compass.biz: please run connect() first
Failed to send to info@gregorytaxlaw.com: please run connect() first
Failed to send to team@txhomebuyingpros.com: please run connect() first
Failed to send to team@txhomebuyingpros.com: please run connect() first
Failed to send to tx-bar@2x.webp: please run connect() first
Failed to send to mark@markalexanderlaw.com: please run connect() first
Failed to send to robert@brownstonelaw.com: please run connect() first
Failed to send to info@versustexas.com: please run connect() first
Failed to send to info@versustexas.com: please run connect() first
Failed to send to info@landllawgroup.com: please run connect() first
Failed to send to taylor@lotesattys.com: please run connect() first
Failed to send to moc.waldrawbor@ofni: please run connect() first
Failed to send to michaeljrogers@sbcglobal.net: please run connect() first
Failed to send to assistant@danmoorelaw.com: please run connect() first
Failed to send to stevehendry@remax.net: please run connect() first
Failed to send to fairwaysatprestonwood.934441@leads.eliseai.com: please run connect() first
Failed to send to leasing925@dfwresorts.com: please run connect() first
Failed to send to cnortonrealestate@gmail.com: please run connect() first
Failed to send to info@awesometechinc.com: please run connect() first
Failed to send to maintenance@granberryproperties.com: please run connect() first
Failed to send to cashnow@newbyginnings.com: please run connect() first
Failed to send to jubao@lingying.com: please run connect() first
Failed to send to info@trnt.net: please run connect() first
Failed to send to info@housesolutionshq.com: please run connect() first
Failed to send to westmiheritage@gmail.com: please run connect() first
Failed to send to Bill@BillClarksonRealEstate.com: please run connect() first
Failed to send to claims@stewart.com: please run connect() first
Failed to send to email@domain.com: please run connect() first
Failed to send to garzagroup.gg@gmail.com: please run connect() first
Failed to send to info@marshallgrouptx.com: please run connect() first
Failed to send to info@pecansquarebyhillwood.com: please run connect() first
Failed to send to tim.mccoy@clearmodernmortgage.com: please run connect() first
Failed to send to ashley@texanheritage.com: please run connect() first
Failed to send to team@txhomebuyingpros.com: please run connect() first
Failed to send to info@treelinebyhillwood.com: please run connect() first
Failed to send to amber.abney@directresidentialrealty.com: please run connect() first
Failed to send to Zach@alistproperties.co: please run connect() first
Failed to send to email@domain.com: please run connect() first
Failed to send to marketing@hunterappraisal.com: please run connect() first
Failed to send to info@briggsfreeman.com: please run connect() first
Failed to send to info@oasishavenhomes.com: please run connect() first
Failed to send to lynette@rainbowrealtorstx.com: please run connect() first
Failed to send to wstmanager@livenjoymgt.com: please run connect() first
Failed to send to info@precisionglobalcorp.com: please run connect() first
Failed to send to customersupport@workgroup.landweb: please run connect() first
Failed to send to info@trinitytitletx.com: please run connect() first
Failed to send to info@wkrealtors.com: please run connect() first
Failed to send to dub-bird@sbcglobal.net: please run connect() first
Failed to send to info@republic-ac.com: please run connect() first
Failed to send to customerservicedept@acgenius.com: please run connect() first
Failed to send to oakpointhvac@yahoo.com: please run connect() first
Failed to send to group@2x.webp: please run connect() first
Failed to send to leelavender@yahoo.com: please run connect() first
Failed to send to customerservice@duggerbrothers.com: please run connect() first
Failed to send to office@gwmtexas.com: please run connect() first
Failed to send to info@spsgcs.com: please run connect() first
Failed to send to Allen@AmericanPrideRoofing.com: please run connect() first
Failed to send to info@peakedroofing.com: please run connect() first
Failed to send to contact@results-roofing.com: please run connect() first
Failed to send to office@myflowermounddentist.com: please run connect() first
Failed to send to info@forestdentalcafe.com: please run connect() first
Failed to send to jcstacotribe@gmail.com: please run connect() first
Failed to send to richardson@sonnybryans.com: please run connect() first
Failed to send to info@countryburgertexas.com: please run connect() first
Failed to send to fwfsgm@beerknurd.com: please run connect() first
Traceback (most recent call last):
  File "/home/ubuntu/email-outreach/outreach.py", line 75, in <module>
    send_outreach()
  File "/home/ubuntu/email-outreach/outreach.py", line 71, in send_outreach
    server.quit()
  File "/usr/lib/python3.10/smtplib.py", line 1004, in quit
    res = self.docmd("quit")
  File "/usr/lib/python3.10/smtplib.py", line 431, in docmd
    self.putcmd(cmd, args)
  File "/usr/lib/python3.10/smtplib.py", line 378, in putcmd
    self.send(f'{s}{CRLF}')
  File "/usr/lib/python3.10/smtplib.py", line 365, in send
    raise SMTPServerDisconnected('please run connect() first')
smtplib.SMTPServerDisconnected: please run connect() first
